[    0.000000] Linux version 4.15.0-166-generic (buildd@lgw01-amd64-012) (gcc version 7.5.0 (Ubuntu 7.5.0-3ubuntu1~18.04)) #174-Ubuntu SMP Wed Dec 8 19:07:44 UTC 2021 (Ubuntu 4.15.0-166.174-generic 4.15.18)
[    0.000000] Command line: BOOT_IMAGE=/boot/vmlinuz-4.15.0-166-generic root=LABEL=cloudimg-rootfs ro console=tty1 console=ttyS0
[    0.000000] KERNEL supported cpus:
[    0.000000]   Intel GenuineIntel
[    0.000000]   AMD AuthenticAMD
[    0.000000]   Centaur CentaurHauls
[    0.000000] [Firmware Bug]: TSC doesn't count with P0 frequency!
[    0.000000] x86/fpu: Supporting XSAVE feature 0x001: 'x87 floating point registers'
[    0.000000] x86/fpu: Supporting XSAVE feature 0x002: 'SSE registers'
[    0.000000] x86/fpu: Supporting XSAVE feature 0x004: 'AVX registers'
[    0.000000] x86/fpu: xstate_offset[2]:  576, xstate_sizes[2]:  256
[    0.000000] x86/fpu: Enabled xstate features 0x7, context size is 832 bytes, using 'standard' format.
[    0.000000] e820: BIOS-provided physical RAM map:
[    0.000000] BIOS-e820: [mem 0x0000000000000000-0x000000000009fbff] usable
[    0.000000] BIOS-e820: [mem 0x000000000009fc00-0x000000000009ffff] reserved
[    0.000000] BIOS-e820: [mem 0x00000000000f0000-0x00000000000fffff] reserved
[    0.000000] BIOS-e820: [mem 0x0000000000100000-0x000000003ffeffff] usable
[    0.000000] BIOS-e820: [mem 0x000000003fff0000-0x000000003fffffff] ACPI data
[    0.000000] BIOS-e820: [mem 0x00000000fec00000-0x00000000fec00fff] reserved
[    0.000000] BIOS-e820: [mem 0x00000000fee00000-0x00000000fee00fff] reserved
[    0.000000] BIOS-e820: [mem 0x00000000fffc0000-0x00000000ffffffff] reserved
[    0.000000] NX (Execute Disable) protection: active
[    0.000000] SMBIOS 2.5 present.
[    0.000000] DMI: innotek GmbH VirtualBox/VirtualBox, BIOS VirtualBox 12/01/2006
[    0.000000] Hypervisor detected: KVM
[    0.000000] e820: last_pfn = 0x3fff0 max_arch_pfn = 0x400000000
[    0.000000] MTRR: Disabled
[    0.000000] x86/PAT: MTRRs disabled, skipping PAT initialization too.
[    0.000000] CPU MTRRs all blank - virtualized system.
[    0.000000] x86/PAT: Configuration [0-7]: WB  WT  UC- UC  WB  WT  UC- UC  
[    0.000000] found SMP MP-table at [mem 0x0009fff0-0x0009ffff]
[    0.000000] Scanning 1 areas for low memory corruption
[    0.000000] RAMDISK: [mem 0x359c7000-0x36cdafff]
[    0.000000] ACPI: Early table checksum verification disabled
[    0.000000] ACPI: RSDP 0x00000000000E0000 000024 (v02 VBOX  )
[    0.000000] ACPI: XSDT 0x000000003FFF0030 00003C (v01 VBOX   VBOXXSDT 00000001 ASL  00000061)
[    0.000000] ACPI: FACP 0x000000003FFF00F0 0000F4 (v04 VBOX   VBOXFACP 00000001 ASL  00000061)
[    0.000000] ACPI: DSDT 0x000000003FFF0470 002325 (v02 VBOX   VBOXBIOS 00000002 INTL 20100528)
[    0.000000] ACPI: FACS 0x000000003FFF0200 000040
[    0.000000] ACPI: FACS 0x000000003FFF0200 000040
[    0.000000] ACPI: APIC 0x000000003FFF0240 00005C (v02 VBOX   VBOXAPIC 00000001 ASL  00000061)
[    0.000000] ACPI: SSDT 0x000000003FFF02A0 0001CC (v01 VBOX   VBOXCPUT 00000002 INTL 20100528)
[    0.000000] ACPI: Reserving FACP table memory at [mem 0x3fff00f0-0x3fff01e3]
[    0.000000] ACPI: Reserving DSDT table memory at [mem 0x3fff0470-0x3fff2794]
[    0.000000] ACPI: Reserving FACS table memory at [mem 0x3fff0200-0x3fff023f]
[    0.000000] ACPI: Reserving FACS table memory at [mem 0x3fff0200-0x3fff023f]
[    0.000000] ACPI: Reserving APIC table memory at [mem 0x3fff0240-0x3fff029b]
[    0.000000] ACPI: Reserving SSDT table memory at [mem 0x3fff02a0-0x3fff046b]
[    0.000000] No NUMA configuration found
[    0.000000] Faking a node at [mem 0x0000000000000000-0x000000003ffeffff]
[    0.000000] NODE_DATA(0) allocated [mem 0x3ffc5000-0x3ffeffff]
[    0.000000] kvm-clock: cpu 0, msr 0:3ff44001, primary cpu clock
[    0.000000] kvm-clock: Using msrs 4b564d01 and 4b564d00
[    0.000000] kvm-clock: using sched offset of 5085630963 cycles
[    0.000000] clocksource: kvm-clock: mask: 0xffffffffffffffff max_cycles: 0x1cd42e4dffb, max_idle_ns: 881590591483 ns
[    0.000000] Zone ranges:
[    0.000000]   DMA      [mem 0x0000000000001000-0x0000000000ffffff]
[    0.000000]   DMA32    [mem 0x0000000001000000-0x000000003ffeffff]
[    0.000000]   Normal   empty
[    0.000000]   Device   empty
[    0.000000] Movable zone start for each node
[    0.000000] Early memory node ranges
[    0.000000]   node   0: [mem 0x0000000000001000-0x000000000009efff]
[    0.000000]   node   0: [mem 0x0000000000100000-0x000000003ffeffff]
[    0.000000] Reserved but unavailable: 104 pages
[    0.000000] Initmem setup node 0 [mem 0x0000000000001000-0x000000003ffeffff]
[    0.000000] ACPI: PM-Timer IO Port: 0x4008
[    0.000000] IOAPIC[0]: apic_id 2, version 32, address 0xfec00000, GSI 0-23
[    0.000000] ACPI: INT_SRC_OVR (bus 0 bus_irq 0 global_irq 2 dfl dfl)
[    0.000000] ACPI: INT_SRC_OVR (bus 0 bus_irq 9 global_irq 9 low level)
[    0.000000] Using ACPI (MADT) for SMP configuration information
[    0.000000] smpboot: Allowing 2 CPUs, 0 hotplug CPUs
[    0.000000] PM: Registered nosave memory: [mem 0x00000000-0x00000fff]
[    0.000000] PM: Registered nosave memory: [mem 0x0009f000-0x0009ffff]
[    0.000000] PM: Registered nosave memory: [mem 0x000a0000-0x000effff]
[    0.000000] PM: Registered nosave memory: [mem 0x000f0000-0x000fffff]
[    0.000000] e820: [mem 0x40000000-0xfebfffff] available for PCI devices
[    0.000000] Booting paravirtualized kernel on KVM
[    0.000000] clocksource: refined-jiffies: mask: 0xffffffff max_cycles: 0xffffffff, max_idle_ns: 7645519600211568 ns
[    0.000000] random: get_random_bytes called from start_kernel+0x99/0x500 with crng_init=0
[    0.000000] setup_percpu: NR_CPUS:8192 nr_cpumask_bits:2 nr_cpu_ids:2 nr_node_ids:1
[    0.000000] percpu: Embedded 45 pages/cpu s147456 r8192 d28672 u1048576
[    0.000000] PV qspinlock hash table entries: 256 (order: 0, 4096 bytes)
[    0.000000] Built 1 zonelists, mobility grouping on.  Total pages: 257913
[    0.000000] Policy zone: DMA32
[    0.000000] Kernel command line: BOOT_IMAGE=/boot/vmlinuz-4.15.0-166-generic root=LABEL=cloudimg-rootfs ro console=tty1 console=ttyS0
[    0.000000] Memory: 982700K/1048120K available (12300K kernel code, 2483K rwdata, 4320K rodata, 2448K init, 2724K bss, 65420K reserved, 0K cma-reserved)
[    0.000000] SLUB: HWalign=64, Order=0-3, MinObjects=0, CPUs=2, Nodes=1
[    0.000000] ftrace: allocating 39491 entries in 155 pages
[    0.004000] Hierarchical RCU implementation.
[    0.004000] 	RCU restricting CPUs from NR_CPUS=8192 to nr_cpu_ids=2.
[    0.004000] 	Tasks RCU enabled.
[    0.004000] RCU: Adjusting geometry for rcu_fanout_leaf=16, nr_cpu_ids=2
[    0.004000] NR_IRQS: 524544, nr_irqs: 440, preallocated irqs: 16
[    0.004000] Console: colour VGA+ 80x25
[    0.004000] console [tty1] enabled
[    0.004000] console [ttyS0] enabled
[    0.004000] ACPI: Core revision 20170831
[    0.004000] ACPI: 2 ACPI AML tables successfully acquired and loaded
[    0.004000] APIC: Switch to symmetric I/O mode setup
[    0.004000] x2apic enabled
[    0.004000] Switched APIC routing to physical x2apic.
[    0.004000] ..TIMER: vector=0x30 apic1=0 pin1=2 apic2=-1 pin2=-1
[    0.004000] tsc: Detected 2096.062 MHz processor
[    0.004000] Calibrating delay loop (skipped) preset value.. 4192.12 BogoMIPS (lpj=8384248)
[    0.004000] pid_max: default: 32768 minimum: 301
[    0.004000] Security Framework initialized
[    0.004000] Yama: becoming mindful.
[    0.004000] AppArmor: AppArmor initialized
[    0.004000] Dentry cache hash table entries: 131072 (order: 8, 1048576 bytes)
[    0.004000] Inode-cache hash table entries: 65536 (order: 7, 524288 bytes)
[    0.004000] Mount-cache hash table entries: 2048 (order: 2, 16384 bytes)
[    0.004000] Mountpoint-cache hash table entries: 2048 (order: 2, 16384 bytes)
[    0.004000] Last level iTLB entries: 4KB 1024, 2MB 1024, 4MB 512
[    0.004000] Last level dTLB entries: 4KB 1536, 2MB 1536, 4MB 768, 1GB 0
[    0.004000] Spectre V1 : Mitigation: usercopy/swapgs barriers and __user pointer sanitization
[    0.004000] Spectre V2 : Spectre mitigation: LFENCE not serializing, switching to generic retpoline
[    0.004000] Spectre V2 : Mitigation: Full generic retpoline
[    0.004000] Spectre V2 : Spectre v2 / SpectreRSB mitigation: Filling RSB on context switch
[    0.004000] Speculative Store Bypass: Mitigation: Speculative Store Bypass disabled via prctl and seccomp
[    0.004000] Freeing SMP alternatives memory: 36K
[    0.133629] APIC calibration not consistent with PM-Timer: 117ms instead of 100ms
[    0.135577] APIC delta adjusted to PM-Timer: 6412989 (7552033)
[    0.136164] smpboot: CPU0: AMD Ryzen 5 3450U with Radeon Vega Mobile Gfx (family: 0x17, model: 0x18, stepping: 0x1)
[    0.140000] Performance Events: PMU not available due to virtualization, using software events only.
[    0.140127] Hierarchical SRCU implementation.
[    0.147011] NMI watchdog: Perf event create on CPU 0 failed with -2
[    0.148004] NMI watchdog: Perf NMI watchdog permanently disabled
[    0.149655] smp: Bringing up secondary CPUs ...
[    0.152169] x86: Booting SMP configuration:
[    0.153233] .... node  #0, CPUs:      #1
[    0.004000] kvm-clock: cpu 1, msr 0:3ff44041, secondary cpu clock
[    0.159643] smp: Brought up 1 node, 2 CPUs
[    0.160016] smpboot: Max logical packages: 1
[    0.162026] smpboot: Total of 2 processors activated (8384.24 BogoMIPS)
[    0.164342] devtmpfs: initialized
[    0.165664] x86/mm: Memory block size: 128MB
[    0.168379] evm: security.selinux
[    0.170027] evm: security.SMACK64
[    0.172008] evm: security.SMACK64EXEC
[    0.173610] evm: security.SMACK64TRANSMUTE
[    0.176008] evm: security.SMACK64MMAP
[    0.177611] evm: security.apparmor
[    0.177611] evm: security.ima
[    0.177611] evm: security.capability
[    0.187842] clocksource: jiffies: mask: 0xffffffff max_cycles: 0xffffffff, max_idle_ns: 7645041785100000 ns
[    0.188099] futex hash table entries: 512 (order: 3, 32768 bytes)
[    0.192203] pinctrl core: initialized pinctrl subsystem
[    0.194904] RTC time: 14:32:55, date: 01/23/22
[    0.196529] NET: Registered protocol family 16
[    0.198627] audit: initializing netlink subsys (disabled)
[    0.200069] audit: type=2000 audit(1642948381.629:1): state=initialized audit_enabled=0 res=1
[    0.204056] cpuidle: using governor ladder
[    0.208008] cpuidle: using governor menu
[    0.210264] ACPI: bus type PCI registered
[    0.212011] acpiphp: ACPI Hot Plug PCI Controller Driver version: 0.5
[    0.214714] PCI: Using configuration type 1 for base access
[    0.216007] PCI: Using configuration type 1 for extended access
[    0.220119] HugeTLB registered 2.00 MiB page size, pre-allocated 0 pages
[    0.224237] ACPI: Added _OSI(Module Device)
[    0.225763] ACPI: Added _OSI(Processor Device)
[    0.228010] ACPI: Added _OSI(3.0 _SCP Extensions)
[    0.229711] ACPI: Added _OSI(Processor Aggregator Device)
[    0.232009] ACPI: Added _OSI(Linux-Dell-Video)
[    0.233559] ACPI: Added _OSI(Linux-Lenovo-NV-HDMI-Audio)
[    0.236010] ACPI: Added _OSI(Linux-HPI-Hybrid-Graphics)
[    0.238555] ACPI: Executed 1 blocks of module-level executable AML code
[    0.244715] ACPI: Interpreter enabled
[    0.246136] ACPI: (supports S0 S5)
[    0.247649] ACPI: Using IOAPIC for interrupt routing
[    0.252566] PCI: Using host bridge windows from ACPI; if necessary, use "pci=nocrs" and report a bug
[    0.256388] ACPI: Enabled 2 GPEs in block 00 to 07
[    0.269513] ACPI: PCI Root Bridge [PCI0] (domain 0000 [bus 00-ff])
[    0.272025] acpi PNP0A03:00: _OSC: OS supports [ExtendedConfig ASPM ClockPM Segments MSI]
[    0.277761] acpi PNP0A03:00: _OSC: platform does not support [PCIeCapability]
[    0.280723] acpi PNP0A03:00: _OSC: not requesting control; platform does not support [PCIeCapability]
[    0.284000] acpi PNP0A03:00: _OSC: OS requested [PCIeHotplug PME AER PCIeCapability]
[    0.288010] acpi PNP0A03:00: _OSC: platform willing to grant [PCIeHotplug PME AER]
[    0.292011] acpi PNP0A03:00: _OSC failed (AE_SUPPORT); disabling ASPM
[    0.297081] PCI host bridge to bus 0000:00
[    0.297081] pci_bus 0000:00: root bus resource [io  0x0000-0x0cf7 window]
[    0.298814] pci_bus 0000:00: root bus resource [io  0x0d00-0xffff window]
[    0.304011] pci_bus 0000:00: root bus resource [mem 0x000a0000-0x000bffff window]
[    0.308009] pci_bus 0000:00: root bus resource [mem 0x40000000-0xfdffffff window]
[    0.310071] pci_bus 0000:00: root bus resource [bus 00-ff]
[    0.313457] pci 0000:00:01.1: legacy IDE quirk: reg 0x10: [io  0x01f0-0x01f7]
[    0.314853] pci 0000:00:01.1: legacy IDE quirk: reg 0x14: [io  0x03f6]
[    0.320006] pci 0000:00:01.1: legacy IDE quirk: reg 0x18: [io  0x0170-0x0177]
[    0.321847] pci 0000:00:01.1: legacy IDE quirk: reg 0x1c: [io  0x0376]
[    0.354648] pci 0000:00:07.0: quirk: [io  0x4000-0x403f] claimed by PIIX4 ACPI
[    0.356052] pci 0000:00:07.0: quirk: [io  0x4100-0x410f] claimed by PIIX4 SMB
[    0.370888] ACPI: PCI Interrupt Link [LNKA] (IRQs 5 9 10 *11)
[    0.376501] ACPI: PCI Interrupt Link [LNKB] (IRQs 5 9 *10 11)
[    0.378603] ACPI: PCI Interrupt Link [LNKC] (IRQs 5 *9 10 11)
[    0.380176] ACPI: PCI Interrupt Link [LNKD] (IRQs 5 9 10 *11)
[    0.382304] SCSI subsystem initialized
[    0.384139] pci 0000:00:02.0: vgaarb: setting as boot VGA device
[    0.386151] pci 0000:00:02.0: vgaarb: VGA device added: decodes=io+mem,owns=io+mem,locks=none
[    0.388024] pci 0000:00:02.0: vgaarb: bridge control possible
[    0.389407] vgaarb: loaded
[    0.390296] ACPI: bus type USB registered
[    0.391267] usbcore: registered new interface driver usbfs
[    0.392025] usbcore: registered new interface driver hub
[    0.393677] usbcore: registered new device driver usb
[    0.394957] EDAC MC: Ver: 3.0.0
[    0.396085] PCI: Using ACPI for IRQ routing
[    0.400467] NetLabel: Initializing
[    0.401370] NetLabel:  domain hash size = 128
[    0.402420] NetLabel:  protocols = UNLABELED CIPSOv4 CALIPSO
[    0.404082] NetLabel:  unlabeled traffic allowed by default
[    0.405592] clocksource: Switched to clocksource kvm-clock
[    0.412837] VFS: Disk quotas dquot_6.6.0
[    0.412837] VFS: Dquot-cache hash table entries: 512 (order 0, 4096 bytes)
[    0.412837] AppArmor: AppArmor Filesystem Enabled
[    0.412837] pnp: PnP ACPI init
[    0.412837] pnp: PnP ACPI: found 3 devices
[    0.458566] clocksource: acpi_pm: mask: 0xffffff max_cycles: 0xffffff, max_idle_ns: 2085701024 ns
[    0.460812] NET: Registered protocol family 2
[    0.460812] IP idents hash table entries: 16384 (order: 5, 131072 bytes)
[    0.468260] TCP established hash table entries: 8192 (order: 4, 65536 bytes)
[    0.469982] TCP bind hash table entries: 8192 (order: 5, 131072 bytes)
[    0.471561] TCP: Hash tables configured (established 8192 bind 8192)
[    0.472089] UDP hash table entries: 512 (order: 2, 16384 bytes)
[    0.472089] UDP-Lite hash table entries: 512 (order: 2, 16384 bytes)
[    0.472089] NET: Registered protocol family 1
[    0.472089] pci 0000:00:00.0: Limiting direct PCI/PCI transfers
[    0.472089] pci 0000:00:01.0: Activating ISA DMA hang workarounds
[    0.472089] pci 0000:00:02.0: Video device with shadowed ROM at [mem 0x000c0000-0x000dffff]
[    0.472089] Unpacking initramfs...
[    1.171075] Freeing initrd memory: 19536K
[    1.172512] clocksource: tsc: mask: 0xffffffffffffffff max_cycles: 0x1e36a88731c, max_idle_ns: 440795269020 ns
[    1.174863] platform rtc_cmos: registered platform RTC device (no PNP device found)
[    1.176743] Scanning for low memory corruption every 60 seconds
[    1.179364] Initialise system trusted keyrings
[    1.180707] Key type blacklist registered
[    1.181875] workingset: timestamp_bits=36 max_order=18 bucket_order=0
[    1.185142] zbud: loaded
[    1.186906] squashfs: version 4.0 (2009/01/31) Phillip Lougher
[    1.188933] fuse init (API version 7.26)
[    1.195446] Key type asymmetric registered
[    1.196629] Asymmetric key parser 'x509' registered
[    1.198185] Block layer SCSI generic (bsg) driver version 0.4 loaded (major 246)
[    1.200329] io scheduler noop registered
[    1.201431] io scheduler deadline registered
[    1.202843] io scheduler cfq registered (default)
[    1.204700] ACPI: AC Adapter [AC] (off-line)
[    1.205933] input: Power Button as /devices/LNXSYSTM:00/LNXPWRBN:00/input/input0
[    1.207949] ACPI: Power Button [PWRF]
[    1.209068] input: Sleep Button as /devices/LNXSYSTM:00/LNXSLPBN:00/input/input1
[    1.210844] ACPI: Sleep Button [SLPF]
[    1.213593] ACPI: Battery Slot [BAT0] (battery present)
[    1.215480] Serial: 8250/16550 driver, 32 ports, IRQ sharing enabled
[    1.238029] 00:02: ttyS0 at I/O 0x3f8 (irq = 4, base_baud = 115200) is a 16550A
[    1.244297] Linux agpgart interface v0.103
[    1.248031] loop: module loaded
[    1.249969] scsi host0: ata_piix
[    1.251095] scsi host1: ata_piix
[    1.251957] ata1: PATA max UDMA/33 cmd 0x1f0 ctl 0x3f6 bmdma 0xd000 irq 14
[    1.253680] ata2: PATA max UDMA/33 cmd 0x170 ctl 0x376 bmdma 0xd008 irq 15
[    1.255652] libphy: Fixed MDIO Bus: probed
[    1.256763] tun: Universal TUN/TAP device driver, 1.6
[    1.258095] PPP generic driver version 2.4.2
[    1.259458] ehci_hcd: USB 2.0 'Enhanced' Host Controller (EHCI) Driver
[    1.261128] ehci-pci: EHCI PCI platform driver
[    1.262356] ehci-platform: EHCI generic platform driver
[    1.263699] ohci_hcd: USB 1.1 'Open' Host Controller (OHCI) Driver
[    1.265155] ohci-pci: OHCI PCI platform driver
[    1.266360] ohci-platform: OHCI generic platform driver
[    1.267644] uhci_hcd: USB Universal Host Controller Interface driver
[    1.269282] i8042: PNP: PS/2 Controller [PNP0303:PS2K,PNP0f03:PS2M] at 0x60,0x64 irq 1,12
[    1.272085] serio: i8042 KBD port at 0x60,0x64 irq 1
[    1.273378] serio: i8042 AUX port at 0x60,0x64 irq 12
[    1.275016] mousedev: PS/2 mouse device common for all mice
[    1.277187] input: AT Translated Set 2 keyboard as /devices/platform/i8042/serio0/input/input2
[    1.279921] rtc_cmos rtc_cmos: rtc core: registered rtc_cmos as rtc0
[    1.281643] rtc_cmos rtc_cmos: alarms up to one day, 114 bytes nvram
[    1.283239] i2c /dev entries driver
[    1.284314] device-mapper: uevent: version 1.0.3
[    1.285670] device-mapper: ioctl: 4.37.0-ioctl (2017-09-20) initialised: dm-devel@redhat.com
[    1.287978] ledtrig-cpu: registered to indicate activity on CPUs
[    1.290106] NET: Registered protocol family 10
[    1.296415] Segment Routing with IPv6
[    1.297448] NET: Registered protocol family 17
[    1.298598] Key type dns_resolver registered
[    1.299874] mce: Using 0 MCE banks
[    1.300649] RAS: Correctable Errors collector initialized.
[    1.301768] sched_clock: Marking stable (1300615326, 0)->(1571780853, -271165527)
[    1.303837] registered taskstats version 1
[    1.304766] Loading compiled-in X.509 certificates
[    1.309075] Loaded X.509 cert 'Build time autogenerated kernel key: 408b96eb428cbe545a63e9a677d083d5c6df802b'
[    1.311815] Loaded X.509 cert 'Canonical Ltd. Live Patch Signing: 14df34d1a87cf37625abec039ef2bf521249b969'
[    1.314610] Loaded X.509 cert 'Canonical Ltd. Kernel Module Signing: 88f752e560a1e0737e31163a466ad7b70a850c19'
[    1.316665] blacklist: Loading compiled-in revocation X.509 certificates
[    1.318003] Loaded X.509 cert 'Canonical Ltd. Secure Boot Signing: 61482aa2830d0ab2ad5af10b7250da9033ddcef0'
[    1.319974] zswap: loaded using pool lzo/zbud
[    1.326629] Key type big_key registered
[    1.327605] Key type trusted registered
[    1.331477] Key type encrypted registered
[    1.332479] AppArmor: AppArmor sha1 policy hashing enabled
[    1.333584] ima: No TPM chip found, activating TPM-bypass! (rc=-19)
[    1.334855] ima: Allocated hash algorithm: sha1
[    1.335873] evm: HMAC attrs: 0x1
[    1.337002]   Magic number: 6:659:536
[    1.337887] tty ttyS16: hash matches
[    1.339055] rtc_cmos rtc_cmos: setting system clock to 2022-01-23 14:32:56 UTC (1642948376)
[    1.341044] BIOS EDD facility v0.16 2004-Jun-25, 0 devices found
[    1.343457] EDD information not available.
[    1.447033] Freeing unused kernel image memory: 2448K
[    1.456077] Write protecting the kernel read-only data: 20480k
[    1.460497] Freeing unused kernel image memory: 2008K
[    1.463654] Freeing unused kernel image memory: 1824K
[    1.475424] x86/mm: Checked W+X mappings: passed, no W+X pages found.
Loading, please wait...
starting version 237
[    1.601160] e1000: Intel(R) PRO/1000 Network Driver - version 7.3.21-k8-NAPI
[    1.602933] e1000: Copyright (c) 1999-2006 Intel Corporation.
[    1.607564] Fusion MPT base driver 3.04.20
[    1.608514] Copyright (c) 1999-2008 LSI Corporation
[    1.617890] Fusion MPT SPI Host driver 3.04.20
[    1.637240] AVX2 version of gcm_enc/dec engaged.
[    1.638700] AES CTR mode by8 optimization enabled
[    1.855507] input: ImExPS/2 Generic Explorer Mouse as /devices/platform/i8042/serio1/input/input4
[    2.250359] e1000 0000:00:03.0 eth0: (PCI:33MHz:32-bit) 02:8d:1f:db:13:bf
[    2.252297] e1000 0000:00:03.0 eth0: Intel(R) PRO/1000 Network Connection
[    2.257433] e1000 0000:00:03.0 enp0s3: renamed from eth0
[    2.259221] mptbase: ioc0: Initiating bringup
[    3.236462] ioc0: LSI53C1030 A0: Capabilities={Initiator}
[    4.363790] scsi host2: ioc0: LSI53C1030 A0, FwRev=00000000h, Ports=1, MaxQ=256, IRQ=20
[    5.556145] scsi 2:0:0:0: Direct-Access     VBOX     HARDDISK         1.0  PQ: 0 ANSI: 5
[    5.596493] scsi target2:0:0: Beginning Domain Validation
[    5.600699] scsi target2:0:0: Domain Validation skipping write tests
[    5.604598] scsi target2:0:0: Ending Domain Validation
[    5.609808] scsi target2:0:0: asynchronous
[    5.613890] scsi 2:0:1:0: Direct-Access     VBOX     HARDDISK         1.0  PQ: 0 ANSI: 5
[    6.240803] scsi target2:0:1: Beginning Domain Validation
[    6.244601] random: fast init done
[    6.246041] scsi target2:0:1: Domain Validation skipping write tests
[    6.248008] scsi target2:0:1: Ending Domain Validation
[    6.249602] scsi target2:0:1: asynchronous
[    6.259043] random: systemd-udevd: uninitialized urandom read (16 bytes read)
[    6.259148] sd 2:0:0:0: Attached scsi generic sg0 type 0
[    6.261866] sd 2:0:0:0: [sda] 83886080 512-byte logical blocks: (42.9 GB/40.0 GiB)
[    6.263529] sd 2:0:1:0: Attached scsi generic sg1 type 0
[    6.265608] random: systemd-udevd: uninitialized urandom read (16 bytes read)
[    6.269431] sd 2:0:0:0: [sda] Write Protect is off
[    6.271096] random: systemd-udevd: uninitialized urandom read (16 bytes read)
[    6.273325] sd 2:0:1:0: [sdb] 20480 512-byte logical blocks: (10.5 MB/10.0 MiB)
[    6.274715] sd 2:0:0:0: [sda] Incomplete mode parameter data
[    6.277607] sd 2:0:0:0: [sda] Assuming drive cache: write through
[    6.277648] sd 2:0:1:0: [sdb] Write Protect is off
[    6.281680] sd 2:0:1:0: [sdb] Incomplete mode parameter data
[    6.283542] sd 2:0:1:0: [sdb] Assuming drive cache: write through
[    6.318342]  sda: sda1
[    6.321337] sd 2:0:0:0: [sda] Attached SCSI disk
[    6.322923] sd 2:0:1:0: [sdb] Attached SCSI disk
Begin: Loading essential drivers ... [    8.096752] raid6: sse2x1   gen()  4830 MB/s
[    8.145781] raid6: sse2x1   xor()  2686 MB/s
[    8.192700] raid6: sse2x2   gen()  6210 MB/s
[    8.240783] raid6: sse2x2   xor()  5164 MB/s
[    8.288723] raid6: sse2x4   gen()  6216 MB/s
[    8.337762] raid6: sse2x4   xor()  2961 MB/s
[    8.385818] raid6: avx2x1   gen()  5578 MB/s
[    8.433708] raid6: avx2x1   xor()  3806 MB/s
[    8.481734] raid6: avx2x2   gen()  6261 MB/s
[    8.533649] raid6: avx2x2   xor()  3687 MB/s
[    8.584646] raid6: avx2x4   gen()  5892 MB/s
[    8.632642] raid6: avx2x4   xor()  2948 MB/s
[    8.635629] raid6: using algorithm avx2x2 gen() 6261 MB/s
[    8.638827] raid6: .... xor() 3687 MB/s, rmw enabled
[    8.641727] raid6: using avx2x2 recovery algorithm
[    8.650343] xor: automatically using best checksumming function   avx       
[    8.658646] async_tx: api initialized (async)
done.
Begin: Running /scripts/init-premount ... done.
Begin: Mounting root file system ... Begin: Running /scripts/local-top ... done.
Begin: Running /scripts/local-premount ... [    8.830204] Btrfs loaded, crc32c=crc32c-intel
Scanning for Btrfs filesystems
done.
Warning: fsck not present, so skipping root file system
[    8.892579] EXT4-fs (sda1): INFO: recovery required on readonly filesystem
[    8.894837] EXT4-fs (sda1): write access will be enabled during recovery
[    9.120032] EXT4-fs (sda1): recovery complete
[    9.121538] EXT4-fs (sda1): mounted filesystem with ordered data mode. Opts: (null)
done.
Begin: Running /scripts/local-bottom ... done.
Begin: Running /scripts/init-bottom ... done.
[    9.335857] ip_tables: (C) 2000-2006 Netfilter Core Team
[    9.354797] systemd[1]: systemd 237 running in system mode. (+PAM +AUDIT +SELINUX +IMA +APPARMOR +SMACK +SYSVINIT +UTMP +LIBCRYPTSETUP +GCRYPT +GNUTLS +ACL +XZ +LZ4 +SECCOMP +BLKID +ELFUTILS +KMOD -IDN2 +IDN -PCRE2 default-hierarchy=hybrid)
[    9.363068] systemd[1]: Detected virtualization oracle.
[    9.365059] systemd[1]: Detected architecture x86-64.

Welcome to [1mUbuntu 18.04.6 LTS[0m!

[    9.389431] systemd[1]: Set hostname to <ubuntu-bionic>.
[    9.772610] systemd[1]: Reached target User and Group Name Lookups.
[[0;32m  OK  [0m] Reached target User and Group Name Lookups.
[   10.106187] systemd[1]: Set up automount Arbitrary Executable File Formats File System Automount Point.
[[0;32m  OK  [0m] Set up automount Arbitrary Executabâ€¦rmats File System Automount Point.
[   10.113520] systemd[1]: Reached target System Time Synchronized.
[[0;32m  OK  [0m] Reached target System Time Synchronized.
[   10.116797] systemd[1]: Reached target Swap.
[[0;32m  OK  [0m] Reached target Swap.
[   10.121474] systemd[1]: Created slice User and Session Slice.
[[0;32m  OK  [0m] Created slice User and Session Slice.
[   10.125086] systemd[1]: Started Forward Password Requests to Wall Directory Watch.
[[0;32m  OK  [0m] Started Forward Password Requests to Wall Directory Watch.
[[0;32m  OK  [0m] Created slice System Slice.
[[0;32m  OK  [0m] Reached target Slices.
[[0;32m  OK  [0m] Listening on Journal Audit Socket.
[[0;32m  OK  [0m] Listening on udev Control Socket.
[[0;32m  OK  [0m] Created slice system-serial\x2dgetty.slice.
[[0;32m  OK  [0m] Listening on Journal Socket.
         Starting Set the console keyboard layout...
         Mounting Huge Pages File System...
         Starting Create list of required stâ€¦ce nodes for the current kernel...
[[0;32m  OK  [0m] Listening on udev Kernel Socket.
         Starting udev Coldplug all Devices...
[[0;32m  OK  [0m] Listening on LVM2 poll daemon socket.
[[0;32m  OK  [0m] Listening on fsck to fsckd communication Socket.
         Starting File System Check on Root Device...
[[0;32m  OK  [0m] Listening on LVM2 metadata daemon socket.
         Mounting Kernel Debug File System...
[[0;32m  OK  [0m] Listening on /dev/initctl Compatibility Named Pipe.
[[0;32m  OK  [0m] Listening on Network Service Netlink Socket.
         Starting Uncomplicated firewall...
[[0;32m  OK  [0m] Listening on Journal Socket (/dev/log).
         Starting Load Kernel Modules...
[[0;32m  OK  [0m] Listening on Device-mapper event daemon FIFOs.
         Starting Monitoring of LVM2 mirrorsâ€¦ng dmeventd or progress polling...
         Mounting POSIX Message Queue File System...
[[0;32m  OK  [0m] Listening on Syslog Socket.
[   10.268283] Loading iSCSI transport class v2.0-870.
         Starting Journal Service...
[[0;32m  OK  [0m] Mounted Huge Pages File System.
[[0;32m  OK  [0m] Started Create list of required staâ€¦vice nodes for the current kernel.
[[0;32m  OK  [0m] Started File System Check on Root Device.
[[0;32m  OK  [0m] Mounted Kernel Debug File System.
[[0;32m  OK  [0m] Started Uncomplicated firewall.
[[0;32m  OK  [0m] Mounted POSIX Message Queue File System.
[[0;32m  OK  [0m] Started File System Check Daemon to report status.
         Starting Remount Root and Kernel File Systems...
         Starting Create Static Device Nodes in /dev...
[[0;32m  OK  [0m] Started LVM2 metadata daemon.
[[0;32m  OK  [0m] Started udev Coldplug all Devices.
[   10.373188] iscsi: registered transport (tcp)
[[0;32m  OK  [0m] Started Journal Service.
[   10.471055] iscsi: registered transport (iser)
[[0;32m  OK  [0m] Started Load Kernel Modules.
[   10.475442] EXT4-fs (sda1): re-mounted. Opts: (null)
         Mounting FUSE Control File System...
         Mounting Kernel Configuration File System...
         Starting Apply Kernel Variables...
[[0;32m  OK  [0m] Started Remount Root and Kernel File Systems.
[[0;32m  OK  [0m] Started Create Static Device Nodes in /dev.
[[0;32m  OK  [0m] Mounted FUSE Control File System.
         Starting Flush Journal to Persistent Storage...
         Starting Load/Save Random Seed...
         Starting udev Kernel Device Manager...
[[0;32m  OK  [0m] Mounted Kernel Configuration File System.
[[0;32m  OK  [0m] Started Load/Save Random Seed.
[[0;32m  OK  [0m] Started Set the console keyboard layout.
[   10.528769] systemd-journald[420]: Received request to flush runtime journal from PID 1
[[0;32m  OK  [0m] Started udev Kernel Device Manager.
[[0;32m  OK  [0m] Started Dispatch Password Requests to Console Directory Watch.
[[0;32m  OK  [0m] Reached target Local Encrypted Volumes.
[[0;32m  OK  [0m] Started Monitoring of LVM2 mirrors,â€¦sing dmeventd or progress polling.
[[0;32m  OK  [0m] Reached target Local File Systems (Pre).
[[0;32m  OK  [0m] Reached target Local File Systems.
         Starting Set console font and keymap...
         Starting AppArmor initialization...
         Starting Tell Plymouth To Write Out Runtime Data...
         Starting ebtables ruleset management...
[[0;32m  OK  [0m] Started Apply Kernel Variables.
[[0;32m  OK  [0m] Started Flush Journal to Persistent Storage.
         Starting Create Volatile Files and Directories...
[[0;32m  OK  [0m] Started Tell Plymouth To Write Out Runtime Data.
[[0;32m  OK  [0m] Started Set console font and keymap.
[[0;32m  OK  [0m] Started Create Volatile Files and Directories.
         Starting Update UTMP about System Boot/Shutdown...
[[0;32m  OK  [0m] Started Update UTMP about System Boot/Shutdown.
[[0;32m  OK  [0m] Started ebtables ruleset management.
[[0;32m  OK  [0m] Found device /dev/ttyS0.
[[0;32m  OK  [0m] Started AppArmor initialization.
         Starting Initial cloud-init job (pre-networking)...
         Starting Load AppArmor profiles managed internally by snapd...
[[0;32m  OK  [0m] Started Load AppArmor profiles managed internally by snapd.
[[0;32m  OK  [0m] Listening on Load/Save RF Kill Switch Status /dev/rfkill Watch.
[   13.614627] cloud-init[548]: Cloud-init v. 21.4-0ubuntu1~18.04.1 running 'init-local' at Sun, 23 Jan 2022 14:33:08 +0000. Up 13.34 seconds.
[[0;32m  OK  [0m] Started Initial cloud-init job (pre-networking).
[[0;32m  OK  [0m] Reached target Network (Pre).
         Starting Network Service...
[[0;32m  OK  [0m] Started Network Service.
         Starting Network Name Resolution...
         Starting Wait for Network to be Configured...
[[0;32m  OK  [0m] Started Network Name Resolution.
[[0;32m  OK  [0m] Reached target Network.
[[0;32m  OK  [0m] Reached target Host and Network Name Lookups.
[[0;32m  OK  [0m] Started Wait for Network to be Configured.
         Starting Initial cloud-init job (metadata service crawler)...
[   16.814425] cloud-init[684]: Cloud-init v. 21.4-0ubuntu1~18.04.1 running 'init' at Sun, 23 Jan 2022 14:33:11 +0000. Up 16.26 seconds.
[   16.824930] cloud-init[684]: ci-info: ++++++++++++++++++++++++++++++++++++++Net device info++++++++++++++++++++++++++++++++++++++
[   16.836930] cloud-init[684]: ci-info: +--------+------+----------------------------+---------------+--------+-------------------+
[   16.838594] cloud-init[684]: ci-info: | Device |  Up  |          Address           |      Mask     | Scope  |     Hw-Address    |
[   16.840658] cloud-init[684]: ci-info: +--------+------+----------------------------+---------------+--------+-------------------+
[   16.850707] cloud-init[684]: ci-info: | enp0s3 | True |         10.0.2.15          | 255.255.255.0 | global | 02:8d:1f:db:13:bf |
[   16.852975] cloud-init[684]: ci-info: | enp0s3 | True | fe80::8d:1fff:fedb:13bf/64 |       .       |  link  | 02:8d:1f:db:13:bf |
[   16.855133] cloud-init[684]: ci-info: |   lo   | True |         127.0.0.1          |   255.0.0.0   |  host  |         .         |
[   16.857267] cloud-init[684]: ci-info: |   lo   | True |          ::1/128           |       .       |  host  |         .         |
[   16.859232] cloud-init[684]: ci-info: +--------+------+----------------------------+---------------+--------+-------------------+
[   16.861227] cloud-init[684]: ci-info: ++++++++++++++++++++++++++++Route IPv4 info+++++++++++++++++++++++++++++
[   16.862736] cloud-init[684]: ci-info: +-------+-------------+----------+-----------------+-----------+-------+
[   16.864669] cloud-init[684]: ci-info: | Route | Destination | Gateway  |     Genmask     | Interface | Flags |
[   16.866214] cloud-init[684]: ci-info: +-------+-------------+----------+-----------------+-----------+-------+
[   16.867743] cloud-init[684]: ci-info: |   0   |   0.0.0.0   | 10.0.2.2 |     0.0.0.0     |   enp0s3  |   UG  |
[   16.869503] cloud-init[684]: ci-info: |   1   |   10.0.2.0  | 0.0.0.0  |  255.255.255.0  |   enp0s3  |   U   |
[   16.871094] cloud-init[684]: ci-info: |   2   |   10.0.2.2  | 0.0.0.0  | 255.255.255.255 |   enp0s3  |   UH  |
[   16.872622] cloud-init[684]: ci-info: +-------+-------------+----------+-----------------+-----------+-------+
[   16.876762] cloud-init[684]: ci-info: +++++++++++++++++++Route IPv6 info+++++++++++++++++++
[   16.888986] cloud-init[684]: ci-info: +-------+-------------+---------+-----------+-------+
[   16.890161] cloud-init[684]: ci-info: | Route | Destination | Gateway | Interface | Flags |
[   16.891746] cloud-init[684]: ci-info: +-------+-------------+---------+-----------+-------+
[   16.893379] cloud-init[684]: ci-info: |   1   |  fe80::/64  |    ::   |   enp0s3  |   U   |
[   16.894745] cloud-init[684]: ci-info: |   3   |    local    |    ::   |   enp0s3  |   U   |
[   16.896028] cloud-init[684]: ci-info: |   4   |   ff00::/8  |    ::   |   enp0s3  |   U   |
[   16.897767] cloud-init[684]: ci-info: +-------+-------------+---------+-----------+-------+
[[0;32m  OK  [0m] Started Initial cloud-init job (metadata service crawler).
[[0;32m  OK  [0m] Reached target System Initialization.
[[0;32m  OK  [0m] Started Ubuntu Advantage Timer for running repeated jobs.
[[0;32m  OK  [0m] Started Discard unused blocks once a week.
         Starting Socket activation for snappy daemon.
[[0;32m  OK  [0m] Listening on UUID daemon activation socket.
[[0;32m  OK  [0m] Started Trigger to poll for Ubuntu â€¦(Only enabled on GCP LTS non-pro).
[[0;32m  OK  [0m] Listening on Open-iSCSI iscsid Socket.
[[0;32m  OK  [0m] Started ACPI Events Check.
[[0;32m  OK  [0m] Listening on D-Bus System Message Bus Socket.
[[0;32m  OK  [0m] Started Message of the Day.
         Starting LXD - unix socket.
[[0;32m  OK  [0m] Listening on cloud-init hotplug hook socket.
[[0;32m  OK  [0m] Started Daily apt download activities.
[[0;32m  OK  [0m] Started Daily apt upgrade and clean activities.
[[0;32m  OK  [0m] Listening on ACPID Listen Socket.
[[0;32m  OK  [0m] Started Daily Cleanup of Temporary Directories.
[[0;32m  OK  [0m] Reached target Timers.
[[0;32m  OK  [0m] Reached target Paths.
[[0;32m  OK  [0m] Reached target Cloud-config availability.
[[0;32m  OK  [0m] Reached target Network is Online.
         Starting Availability of block devices...
[[0;32m  OK  [0m] Reached target Remote File Systems (Pre).
         Mounting /vagrant...
[[0;32m  OK  [0m] Listening on Socket activation for snappy daemon.
[[0;32m  OK  [0m] Listening on LXD - unix socket.
[[0;32m  OK  [0m] Started Availability of block devices.
[[0;32m  OK  [0m] Reached target Sockets.
[[0;32m  OK  [0m] Reached target Basic System.
         Starting Virtualbox guest utils...
         Starting Login Service...
         Starting LXD - container startup/shutdown...
[[0;32m  OK  [0m] Started irqbalance daemon.
[[0;32m  OK  [0m] Started Deferred execution scheduler.
[[0;32m  OK  [0m] Started D-Bus System Message Bus.
[[0;32m  OK  [0m] Started Login Service.
         Starting System Logging Service...
[[0;32m  OK  [0m] Started FUSE filesystem for LXC.
         Starting Accounts Service...
         Starting LSB: Record successful boot for GRUB...
         Starting Dispatcher daemon for systemd-networkd...
[[0;32m  OK  [0m] Started Regular background program processing daemon.
[[0;32m  OK  [0m] Started Unattended Upgrades Shutdown.
         Starting Message of the Day...
         Starting OpenBSD Secure Shell server...
         Starting Snap Daemon...
[[0;32m  OK  [0m] Started System Logging Service.
[[0;32m  OK  [0m] Mounted /vagrant.
[[0;32m  OK  [0m] Started LXD - container startup/shutdown.
[[0;32m  OK  [0m] Reached target Remote File Systems.
         Starting Permit User Sessions...
         Starting LSB: automatic crash report generation...
[[0;32m  OK  [0m] Started OpenBSD Secure Shell server.
[[0;32m  OK  [0m] Started Permit User Sessions.
         Starting Terminate Plymouth Boot Screen...
         Starting Hold until boot process finishes up...
[[0;32m  OK  [0m] Started Hold until boot process finishes up.
[[0;32m  OK  [0m] Started Serial Getty on ttyS0.
         Starting Set console scheme...
[[0;32m  OK  [0m] Started Terminate Plymouth Boot Screen.
         Starting Authorization Manager...
[[0;32m  OK  [0m] Started Set console scheme.
[[0;32m  OK  [0m] Created slice system-getty.slice.
[[0;32m  OK  [0m] Started Getty on tty1.
[[0;32m  OK  [0m] Reached target Login Prompts.
[[0;32m  OK  [0m] Started LSB: Record successful boot for GRUB.
[[0;32m  OK  [0m] Started LSB: automatic crash report generation.
[[0;32m  OK  [0m] Started Authorization Manager.
[[0;32m  OK  [0m] Started Accounts Service.
[[0;32m  OK  [0m] Started Virtualbox guest utils.
[[0;32m  OK  [0m] Started Dispatcher daemon for systemd-networkd.
[[0;32m  OK  [0m] Created slice User Slice of vagrant.
         Starting User Manager for UID 1000...
[[0;32m  OK  [0m] Started Session 1 of user vagrant.
[[0;32m  OK  [0m] Started Snap Daemon.
         Starting Wait until snapd is fully seeded...
[[0;32m  OK  [0m] Started Wait until snapd is fully seeded.
         Starting Apply the settings specified in cloud-config...
[[0;32m  OK  [0m] Reached target Multi-User System.
[[0;32m  OK  [0m] Reached target Graphical Interface.
         Starting Update UTMP about System Runlevel Changes...
[[0;32m  OK  [0m] Started Update UTMP about System Runlevel Changes.
[[0;32m  OK  [0m] Started User Manager for UID 1000.
[   21.452620] cloud-init[1070]: Cloud-init v. 21.4-0ubuntu1~18.04.1 running 'modules:config' at Sun, 23 Jan 2022 14:33:16 +0000. Up 20.98 seconds.
[[0;32m  OK  [0m] Started Apply the settings specified in cloud-config.
         Starting Execute cloud user/final scripts...
[   23.441149] cloud-init[1145]: Cloud-init v. 21.4-0ubuntu1~18.04.1 running 'modules:final' at Sun, 23 Jan 2022 14:33:18 +0000. Up 23.15 seconds.
[   23.441515] cloud-init[1145]: Cloud-init v. 21.4-0ubuntu1~18.04.1 finished at Sun, 23 Jan 2022 14:33:18 +0000. Datasource DataSourceNoCloud [seed=/dev/sdb][dsmode=net].  Up 23.41 seconds

Ubuntu 18.04.6 LTS ubuntu-bionic ttyS0

ubuntu-bionic login: 